> Task :app:checkKotlinGradlePluginConfigurationErrors
> Task :app:preBuild UP-TO-DATE
> Task :app:preDebugBuild UP-TO-DATE
> Task :app:dataBindingMergeDependencyArtifactsDebug UP-TO-DATE
> Task :app:generateDebugResValues UP-TO-DATE
> Task :app:generateDebugResources UP-TO-DATE
> Task :app:mergeDebugResources UP-TO-DATE
> Task :app:packageDebugResources UP-TO-DATE
> Task :app:parseDebugLocalResources UP-TO-DATE
> Task :app:dataBindingGenBaseClassesDebug UP-TO-DATE
> Task :app:checkDebugAarMetadata UP-TO-DATE
> Task :app:mapDebugSourceSetPaths UP-TO-DATE
> Task :app:createDebugCompatibleScreenManifests UP-TO-DATE
> Task :app:extractDeepLinksDebug UP-TO-DATE
> Task :app:processDebugMainManifest UP-TO-DATE
> Task :app:processDebugManifest UP-TO-DATE
> Task :app:processDebugManifestForPackage UP-TO-DATE
> Task :app:processDebugResources UP-TO-DATE
> Task :app:kspDebugKotlin

> Task :app:compileDebugKotlin
w: file:///C:/Android%20Projects/InstagramTracker/app/src/main/java/com/example/instatracker/InstaAccessibilityService.kt:260:34 Unnecessary safe call on a non-null receiver of type (Mutable)List<CharSequence!>
w: file:///C:/Android%20Projects/InstagramTracker/app/src/main/java/com/example/instatracker/InstaAccessibilityService.kt:944:21 The value '"UNSCORED"' assigned to 'var doomLabel: String defined in com.example.instatracker.InstaAccessibilityService.injectSessionToDatabase.`<anonymous>`' is never used
w: file:///C:/Android%20Projects/InstagramTracker/app/src/main/java/com/example/instatracker/InstaAccessibilityService.kt:945:21 The value '0.0f' assigned to 'var modelConf: Float defined in com.example.instatracker.InstaAccessibilityService.injectSessionToDatabase.`<anonymous>`' is never used

Deprecated Gradle features were used in this build, making it incompatible with Gradle 9.0.

You can use '--warning-mode all' to show the individual deprecation warnings and determine if they come from your own scripts or plugins.

For more on this, please refer to https://docs.gradle.org/8.9/userguide/command_line_interface.html#sec:command_line_warnings in the Gradle documentation.

BUILD SUCCESSFUL in 13s
18 actionable tasks: 3 executed, 15 up-to-date
