> Task :app:checkKotlinGradlePluginConfigurationErrors
> Task :app:preBuild UP-TO-DATE
> Task :app:preDebugBuild UP-TO-DATE
> Task :app:dataBindingMergeDependencyArtifactsDebug UP-TO-DATE
> Task :app:generateDebugResValues UP-TO-DATE
> Task :app:generateDebugResources UP-TO-DATE
> Task :app:mergeDebugResources UP-TO-DATE
> Task :app:packageDebugResources UP-TO-DATE
> Task :app:parseDebugLocalResources UP-TO-DATE
> Task :app:dataBindingGenBaseClassesDebug UP-TO-DATE
> Task :app:checkDebugAarMetadata UP-TO-DATE
> Task :app:mapDebugSourceSetPaths UP-TO-DATE
> Task :app:createDebugCompatibleScreenManifests UP-TO-DATE
> Task :app:extractDeepLinksDebug UP-TO-DATE
> Task :app:processDebugMainManifest UP-TO-DATE
> Task :app:processDebugManifest UP-TO-DATE
> Task :app:processDebugManifestForPackage UP-TO-DATE
> Task :app:processDebugResources UP-TO-DATE
> Task :app:kspDebugKotlin

> Task :app:compileDebugKotlin
.\gradlew : e: file:///C:/Android%20Projects/
InstagramTracker/app/src/main/java/com/exampl
e/instatracker/InstaAccessibilityService.kt:2
03:20 Unresolved reference: 
AccessibilityServiceInfo
At line:1 char:63
+ ... tudio\jbr"; .\gradlew 
:app:compileDebugKotlin > build_output.txt 
2>&1 ...
+                 ~~~~~~~~~~~~~~~~~~~~~~~~~~~
~~~~~~~~~~~~~~~~~~~~~~~~~~~~~~
    + CategoryInfo          : NotSpecified:  
   (e: file:///C:/A...lityServiceInfo:Strin  
  g) [], RemoteException
    + FullyQualifiedErrorId : NativeCommandE 
   rror
 
e: file:///C:/Android%20Projects/InstagramTra
cker/app/src/main/java/com/example/instatrack
er/InstaAccessibilityService.kt:204:14 
Variable expected
e: file:///C:/Android%20Projects/InstagramTra
cker/app/src/main/java/com/example/instatrack
er/InstaAccessibilityService.kt:205:14 
Variable expected
e: file:///C:/Android%20Projects/InstagramTra
cker/app/src/main/java/com/example/instatrack
er/InstaAccessibilityService.kt:205:29 
Unresolved reference: 
AccessibilityServiceInfo
e: file:///C:/Android%20Projects/InstagramTra
cker/app/src/main/java/com/example/instatrack
er/InstaAccessibilityService.kt:585:13 
Conflicting declarations: val prefs: 
SharedPreferences!, val prefs: 
SharedPreferences!
e: file:///C:/Android%20Projects/InstagramTra
cker/app/src/main/java/com/example/instatrack
er/InstaAccessibilityService.kt:678:13 
Conflicting declarations: val prefs: 
SharedPreferences!, val prefs: 
SharedPreferences!
e: file:///C:/Android%20Projects/InstagramTra
cker/app/src/main/java/com/example/instatrack
er/SurveyUIUtils.kt:158:13 Unresolved 
reference: setPaint

> Task :app:compileDebugKotlin FAILED

FAILURE: Build failed with an exception.

* What went wrong:
Execution failed for task 
':app:compileDebugKotlin'.
> A failure occurred while executing org.jetb
rains.kotlin.compilerRunner.GradleCompilerRun
nerWithWorkers$GradleKotlinCompilerWorkAction
   > Compilation error. See log for more 
details

* Try:
> Run with --stacktrace option to get the 
stack trace.
> Run with --info or --debug option to get 
more log output.
> Run with --scan to get full insights.
> Get more help at https://help.gradle.org.

Deprecated Gradle features were used in this build, making it incompatible with Gradle 9.0.

You can use '--warning-mode all' to show the individual deprecation warnings and determine if they come from your own scripts or plugins.

For more on this, please refer to https://docs.gradle.org/8.9/userguide/command_line_interface.html#sec:command_line_warnings in the Gradle documentation.

BUILD FAILED in 7s
18 actionable tasks: 3 executed, 15 up-to-date
