> Task :app:checkKotlinGradlePluginConfigurationErrors
> Task :app:preBuild UP-TO-DATE
> Task :app:preDebugBuild UP-TO-DATE
> Task :app:dataBindingMergeDependencyArtifactsDebug UP-TO-DATE
> Task :app:generateDebugResValues UP-TO-DATE
> Task :app:generateDebugResources UP-TO-DATE
> Task :app:mergeDebugResources UP-TO-DATE
> Task :app:packageDebugResources UP-TO-DATE
> Task :app:parseDebugLocalResources UP-TO-DATE
> Task :app:dataBindingGenBaseClassesDebug UP-TO-DATE
> Task :app:checkDebugAarMetadata UP-TO-DATE
> Task :app:mapDebugSourceSetPaths UP-TO-DATE
> Task :app:createDebugCompatibleScreenManifests UP-TO-DATE
> Task :app:extractDeepLinksDebug UP-TO-DATE
> Task :app:processDebugMainManifest
> Task :app:processDebugManifest
> Task :app:processDebugManifestForPackage
> Task :app:processDebugResources
> Task :app:kspDebugKotlin UP-TO-DATE

> Task :app:compileDebugKotlin
.\gradlew : e: file:///C:/Android%20Projects/Inst
agramTracker/app/src/main/java/com/example/instat
racker/DatabaseProvider.kt:18:40 Unresolved 
reference: MIGRATION_1_2
At line:1 char:1
+ .\gradlew compileDebugKotlin > 
compile_errors.txt 2>&1; Select-String ...
+ ~~~~~~~~~~~~~~~~~~~~~~~~~~~~~~~~~~~~~~~~~~~~~~~
~~~~~~~
    + CategoryInfo          : NotSpecified: (e   
 : file:///C:/A...: MIGRATION_1_2:String) [    
], RemoteException
    + FullyQualifiedErrorId : NativeCommandErr   
 or
 
e: file:///C:/Android%20Projects/InstagramTracker
/app/src/main/java/com/example/instatracker/Datab
aseProvider.kt:18:67 Unresolved reference: 
MIGRATION_2_3
e: file:///C:/Android%20Projects/InstagramTracker
/app/src/main/java/com/example/instatracker/Insta
AccessibilityService.kt:345:73 Unresolved 
reference: audioMuted
e: file:///C:/Android%20Projects/InstagramTracker
/app/src/main/java/com/example/instatracker/Insta
AccessibilityService.kt:704:13 Unresolved 
reference: brightnessAutoDisabled
e: file:///C:/Android%20Projects/InstagramTracker
/app/src/main/java/com/example/instatracker/Insta
AccessibilityService.kt:706:13 Unresolved 
reference: brightnessAutoDisabled
e: file:///C:/Android%20Projects/InstagramTracker
/app/src/main/java/com/example/instatracker/Insta
AccessibilityService.kt:930:36 Type mismatch: 
inferred type is 
com.example.instatracker.SessionEntity but 
com.example.instatracker.db.SessionEntity was 
expected

> Task :app:compileDebugKotlin FAILED

FAILURE: Build failed with an exception.

* What went wrong:
Execution failed for task 
':app:compileDebugKotlin'.
> A failure occurred while executing org.jetbrain
s.kotlin.compilerRunner.GradleCompilerRunnerWithW
orkers$GradleKotlinCompilerWorkAction
   > Compilation error. See log for more details

* Try:
> Run with --stacktrace option to get the stack 
trace.
> Run with --info or --debug option to get more 
log output.
> Run with --scan to get full insights.
> Get more help at https://help.gradle.org.

Deprecated Gradle features were used in this build, making it incompatible with Gradle 9.0.


BUILD FAILED in 7s
You can use '--warning-mode all' to show the individual deprecation warnings and determine if they come from your own scripts or plugins.

For more on this, please refer to https://docs.gradle.org/8.9/userguide/command_line_interface.html#sec:command_line_warnings in the Gradle documentation.
18 actionable tasks: 6 executed, 12 up-to-date
